Screen Shot 2018-06-16 at 21.01.48.png
Screen Shot 2018-06-16 at 21.02.01.png
TBT bc
WirelessDiagnostics_C2QMW00PDKQ1_2018-03-01_10.25.08.tar.gz
example1
facture xavier.pages
facture xavier.pdf
general_assembly
generalassembly
golen folder 3
google.csv
lancez 
ndidi.jpg
pandas
untitled folder
    Brenn Daude.webloc
ool-ad0205ff:desktop Brenn$ cd generalassembly
ool-ad0205ff:generalassembly Brenn$ ls
DataScience	README.md	awesome_repo
ool-ad0205ff:generalassembly Brenn$ cd DataScience
ool-ad0205ff:DataScience Brenn$ mkdir ga_projects
ool-ad0205ff:DataScience Brenn$ cd ga_projects
ool-ad0205ff:ga_projects Brenn$ clear

ool-ad0205ff:ga_projects Brenn$ mkdir data
ool-ad0205ff:ga_projects Brenn$ ls
data
ool-ad0205ff:ga_projects Brenn$ git init
Initialized empty Git repository in /Users/Brenn/Desktop/generalassembly/DataScience/ga_projects/.git/
ool-ad0205ff:ga_projects Brenn$ git status
On branch master

No commits yet

Untracked files:
  (use "git add <file>..." to include in what will be committed)

	OlympicAnalysis.ipynb
	data/

nothing added to commit but untracked files present (use "git add" to track)
ool-ad0205ff:ga_projects Brenn$ git add .
ool-ad0205ff:ga_projects Brenn$ git status
On branch master

No commits yet

Changes to be committed:
  (use "git rm --cached <file>..." to unstage)

	new file:   OlympicAnalysis.ipynb
	new file:   data/athlete_events.csv
	new file:   data/noc_regions.csv

ool-ad0205ff:ga_projects Brenn$ git commit -m "first commit"
[master (root-commit) 6b50a5d] first commit
 Committer: Brenn Daude <Brenn@ool-ad0205ff.dyn.optonline.net>
Your name and email address were configured automatically based
on your username and hostname. Please check that they are accurate.
You can suppress this message by setting them explicitly. Run the
following command and follow the instructions in your editor to edit
your configuration file:

    git config --global --edit

After doing this, you may fix the identity used for this commit with:

    git commit --amend --reset-author

 3 files changed, 276540 insertions(+)
 create mode 100644 OlympicAnalysis.ipynb
 create mode 100755 data/athlete_events.csv
 create mode 100755 data/noc_regions.csv
ool-ad0205ff:ga_projects Brenn$ git status
On branch master
nothing to commit, working tree clean
ool-ad0205ff:ga_projects Brenn$ git remote add origin https://github.com/brenndaude/ga_projects.git
ool-ad0205ff:ga_projects Brenn$ git status
On branch master
nothing to commit, working tree clean
ool-ad0205ff:ga_projects Brenn$ git push -u origin master
Enumerating objects: 6, done.
Counting objects: 100% (6/6), done.
Delta compression using up to 8 threads.
Compressing objects: 100% (6/6), done.
Writing objects: 100% (6/6), 5.36 MiB | 3.05 MiB/s, done.
Total 6 (delta 0), reused 0 (delta 0)
To https://github.com/brenndaude/ga_projects.git
 * [new branch]      master -> master
Branch 'master' set up to track remote branch 'master' from 'origin'.
ool-ad0205ff:ga_projects Brenn$ nano draft.txt

  GNU nano 2.0.6              File: draft.txt                         Modified  

azeazeae


















                                  [ New File ]
^G Get Help  ^O WriteOut  ^R Read File ^Y Prev Page ^K Cut Text  ^C Cur Pos
^X Exit      ^J Justify   ^W Where Is  ^V Next Page ^U UnCut Text^T To Spell
